
> my-portfolio@0.1.0 build
> next build

  Γû▓ Next.js 14.2.35

   Creating an optimized production build ...
 Γ£ô Compiled successfully
   Linting and checking validity of types ...
node.exe : Failed to compile.
At C:\Program 
Files\nodejs\npm.ps1:29 
char:3
+   & $NODE_EXE $NPM_CLI_JS 
$args
+   
~~~~~~~~~~~~~~~~~~~~~~~~~~~~~
    + CategoryInfo           
   : NotSpeci    fied: 
(Failed to     
compile.:String)     [], 
RemoteExcepti    on
    + FullyQualifiedE    
rrorId : NativeCo    
mmandError
 

./src/components/Overlay.tsx:
158:15
Type error: JSX elements 
cannot have multiple 
attributes with the same 
name.

[0m [90m 156 |[39m        
     [33m<[39m[33mmotion[
39m[33m.[39mspan 
style[33m=[39m{{ 
x[33m:[39m 
p2LeftX[33m,[39m 
display[33m:[39m 
[32m"inline-block"[39m 
}}[0m
[0m [90m 157 |[39m        
       className[33m=[39m[
32m"text-white 
uppercase"[39m[0m
[0m[31m[1m>[22m[39m[90m
 158 |[39m               
style[33m=[39m{{ 
fontFamily[33m:[39m 
displayFont[33m,[39m 
fontSize[33m:[39m 
[32m"clamp(3.5rem, 10vw, 
9rem)"[39m }}[33m>[39m[0m
[0m [90m     |[39m        
       
[31m[1m^[22m[39m[0m
[0m [90m 159 |[39m        
       
[33mCleared[39m{[32m" 
"[39m}[0m
[0m [90m 160 |[39m        
     [33m<[39m[33m/[39m[
33mmotion[39m[33m.[39mspan
[33m>[39m[0m
[0m [90m 161 |[39m        
     [33m<[39m[33mmotion[
39m[33m.[39mspan 
style[33m=[39m{{ 
x[33m:[39m 
p2RightX[33m,[39m 
display[33m:[39m 
[32m"inline-block"[39m 
}}[0m
Next.js build worker exited 
with code: 1 and signal: null
